Processed 365 files (1.5s) 

1) utils/styles.js > styles/colors.js
2) utils/styles.js > styles/effects.js
3) utils/styles.js > styles/mixins.js
4) components/CommandBar/CommandBar.js > components/CommandBar/CommandBarItem.js
5) utils/i18n.js > locales/config.js > locales/utils/formatters.js
6) hooks/event.js > classes/SerializeKeyedMapAndSet.js > utils/array.js > utils/object.js > utils/i18n.js > locales/config.js > utils/animation.js > hooks/cursor.js
7) utils/object.js > utils/i18n.js > locales/config.js > utils/animation.js > hooks/event-bus.js
8) helpers/color-mode.js > stores/color-mode.js
9) hooks/event.js > classes/SerializeKeyedMapAndSet.js > utils/array.js > utils/object.js > utils/i18n.js > locales/config.js > utils/animation.js > hooks/media-query.js > helpers/color-mode.js > stores/color-mode.js > hooks/store.js
10) utils/object.js > utils/i18n.js > locales/config.js > utils/animation.js > hooks/media-query.js > helpers/color-mode.js > stores/color-mode.js > hooks/store.js
11) utils/animation.js > hooks/media-query.js > helpers/color-mode.js
12) hooks/event.js > classes/SerializeKeyedMapAndSet.js > utils/array.js > utils/object.js > utils/i18n.js > locales/config.js > utils/animation.js > hooks/media-query.js > helpers/color-mode.js > utils/delay.js
13) utils/object.js > utils/i18n.js > locales/config.js > utils/animation.js > hooks/media-query.js
14) utils/array.js > utils/object.js > utils/i18n.js > locales/config.js > utils/animation.js
15) utils/object.js > utils/i18n.js > locales/config.js > utils/animation.js
16) locales/config.js > utils/bridge.js > helpers/host-messages.js
17) utils/array.js > utils/object.js > utils/i18n.js > locales/config.js > utils/bridge.js > helpers/host-messages.js > stores/config.js > classes/BitArray.js > helpers/qsi-codec.js
18) utils/object.js > utils/i18n.js > locales/config.js > utils/bridge.js > helpers/host-messages.js > stores/config.js > classes/BitArray.js
19) utils/i18n.js > locales/config.js > utils/bridge.js
20) utils/array.js > utils/object.js > utils/i18n.js
21) utils/object.js > utils/i18n.js
22) components/Button.js > components/AnimatedIcon.js > hoc/EventInjector.js > hooks/node.js > components/Sortable/SortableView.js > components/ItemsView/ItemsView.js > components/ItemsView/ItemsViewItem.js
23) components/Expander/Expander.js > components/Expander/ExpanderGroup.js
24) components/Expander/Expander.js > components/Expander/ExpanderGroup.js > components/Expander/ExpanderRadio.js
25) components/ItemsView/ItemsView.js > components/ItemsView/ItemsViewItem.js > components/Checkbox.js > components/Expander/ExpanderItem.js > components/Expander/SubExpander.js > components/Expander/Expander.js > components/Expander/ExpanderGroup.js > components/Expander/ExpanderRadio.js
26) components/Expander/ExpanderItem.js > components/Expander/SubExpander.js > components/Expander/Expander.js > components/Expander/ExpanderGroup.js > components/Expander/ExpanderRadio.js > components/RadioButton.js
27) hooks/node.js > components/Sortable/SortableView.js > components/ItemsView/ItemsView.js > components/ItemsView/ItemsViewItem.js > components/Checkbox.js > components/Expander/ExpanderItem.js > components/Expander/SubExpander.js > components/Expander/Expander.js > components/Expander/ExpanderGroup.js > components/Expander/ExpanderRadio.js > components/RadioButton.js
28) components/Expander/Expander.js > components/Expander/ExpanderGroup.js > components/Settings/Setting.js
29) components/Button.js > components/AnimatedIcon.js > hoc/EventInjector.js > hooks/node.js > components/Sortable/SortableView.js > components/ItemsView/ItemsView.js > components/ItemsView/ItemsViewItem.js > components/Checkbox.js > components/Expander/ExpanderItem.js > components/Expander/SubExpander.js > components/Expander/Expander.js > components/Expander/ExpanderGroup.js > components/Settings/Setting.js > components/Settings/SettingsCard/SettingsCard.js
30) components/Expander/Expander.js > components/Expander/ExpanderGroup.js > components/Settings/Setting.js > components/Settings/SettingsCard/SettingsCard.js
31) components/Expander/ExpanderItem.js > components/Expander/SubExpander.js > components/Expander/Expander.js > components/Expander/ExpanderGroup.js > components/Settings/Setting.js > components/Settings/SettingsCard/SettingsCard.js
32) components/Sortable/SortableView.js > components/ItemsView/ItemsView.js > components/ItemsView/ItemsViewItem.js > components/Checkbox.js > components/Expander/ExpanderItem.js > components/Expander/SubExpander.js > components/Expander/Expander.js > components/Expander/ExpanderGroup.js > components/Settings/Setting.js > components/Settings/SettingsCard/SettingsCard.js
33) hoc/EventInjector.js > hooks/node.js > components/Sortable/SortableView.js > components/ItemsView/ItemsView.js > components/ItemsView/ItemsViewItem.js > components/Checkbox.js > components/Expander/ExpanderItem.js > components/Expander/SubExpander.js > components/Expander/Expander.js > components/Expander/ExpanderGroup.js > components/Settings/Setting.js > components/Settings/SettingsCard/SettingsCard.js > hoc/ClickOnSameElement.js
34) hooks/node.js > components/Sortable/SortableView.js > components/ItemsView/ItemsView.js > components/ItemsView/ItemsViewItem.js > components/Checkbox.js > components/Expander/ExpanderItem.js > components/Expander/SubExpander.js > components/Expander/Expander.js > components/Expander/ExpanderGroup.js > components/Settings/Setting.js > components/Settings/SettingsCard/SettingsCard.js > hoc/ClickOnSameElement.js
35) hooks/node.js > components/Sortable/SortableView.js > components/ItemsView/ItemsView.js > components/ItemsView/ItemsViewItem.js > components/Checkbox.js > components/Expander/ExpanderItem.js > components/Expander/SubExpander.js > components/Expander/Expander.js > components/Expander/ExpanderGroup.js > components/Settings/Setting.js > components/Settings/SettingsCard/SettingsCard.js
36) components/Expander/Expander.js > components/Expander/ExpanderGroup.js > components/Settings/Setting.js > components/Settings/SettingsCard/SettingsCardToggleSwitch.js
37) components/Expander/ExpanderItem.js > components/Expander/SubExpander.js > components/Expander/Expander.js > components/Expander/ExpanderGroup.js > components/Settings/Setting.js > components/Settings/SettingsCard/SettingsCardToggleSwitch.js > components/ToggleSwitch.js
38) components/Expander/SubExpander.js > components/Expander/Expander.js > components/Expander/ExpanderGroup.js > components/Settings/Setting.js > components/Settings/SettingsCard/SettingsCardToggleSwitch.js > components/ToggleSwitch.js
39) hooks/node.js > components/Sortable/SortableView.js > components/ItemsView/ItemsView.js > components/ItemsView/ItemsViewItem.js > components/Checkbox.js > components/Expander/ExpanderItem.js > components/Expander/SubExpander.js > components/Expander/Expander.js > components/Expander/ExpanderGroup.js > components/Settings/Setting.js > components/Settings/SettingsCard/SettingsCardToggleSwitch.js > components/ToggleSwitch.js
40) ShellPage.js > components/CommandBar/CommandBar.js > components/CommandBar/CommandBarItem.js > components/Flyout/Flyout.js > components/NavigationView.js > components/Breadcrumb.js > components/Button.js > components/AnimatedIcon.js > hoc/EventInjector.js > hooks/node.js > components/Sortable/SortableView.js > components/ItemsView/ItemsView.js > components/ItemsView/ItemsViewItem.js > components/Checkbox.js > components/Expander/ExpanderItem.js > components/Expander/SubExpander.js > components/Expander/Expander.js > components/Expander/ExpanderGroup.js > components/Settings/Setting.js > helpers/settings-metas.js
41) components/Expander/ExpanderItem.js > components/Expander/SubExpander.js > components/Expander/Expander.js
42) components/Expander/SubExpander.js > components/Expander/Expander.js
43) hooks/node.js > components/Sortable/SortableView.js > components/ItemsView/ItemsView.js > components/ItemsView/ItemsViewItem.js > components/Checkbox.js > components/Expander/ExpanderItem.js > components/Expander/SubExpander.js > components/Expander/Expander.js
44) components/Button.js > components/AnimatedIcon.js > hoc/EventInjector.js > hooks/node.js > components/Sortable/SortableView.js > components/ItemsView/ItemsView.js > components/ItemsView/ItemsViewItem.js > components/Checkbox.js > components/Expander/ExpanderItem.js > containers/Expander/ExpanderItemCurve.js > components/ComboBox.js
45) components/ItemsView/ItemsViewItem.js > components/Checkbox.js > components/Expander/ExpanderItem.js > containers/Expander/ExpanderItemCurve.js > components/ComboBox.js
46) components/Button.js > components/AnimatedIcon.js > hoc/EventInjector.js > hooks/node.js > components/Sortable/SortableView.js > components/ItemsView/ItemsView.js > components/ItemsView/ItemsViewItem.js > components/Checkbox.js > components/Expander/ExpanderItem.js > containers/Expander/ExpanderItemCurve.js > components/ComboBox.js > components/TextBox.js
47) components/ComboBox.js > components/TextBox.js
48) hooks/node.js > components/Sortable/SortableView.js > components/ItemsView/ItemsView.js > components/ItemsView/ItemsViewItem.js > components/Checkbox.js > components/Expander/ExpanderItem.js > containers/Expander/ExpanderItemCurve.js > components/ComboBox.js > components/TextBox.js > hoc/Tooltip.js > components/Img.js
49) components/NavigationView.js > components/Breadcrumb.js > components/Button.js > components/AnimatedIcon.js > hoc/EventInjector.js > hooks/node.js > components/Sortable/SortableView.js > components/ItemsView/ItemsView.js > components/ItemsView/ItemsViewItem.js > components/Checkbox.js > components/Expander/ExpanderItem.js > containers/Expander/ExpanderItemCurve.js > components/ComboBox.js > components/TextBox.js > hoc/Tooltip.js
50) hooks/node.js > components/Sortable/SortableView.js > components/ItemsView/ItemsView.js > components/ItemsView/ItemsViewItem.js > components/Checkbox.js > components/Expander/ExpanderItem.js > containers/Expander/ExpanderItemCurve.js > components/ComboBox.js > components/TextBox.js
51) hooks/node.js > components/Sortable/SortableView.js > components/ItemsView/ItemsView.js > components/ItemsView/ItemsViewItem.js > components/Checkbox.js > components/Expander/ExpanderItem.js
52) hooks/node.js > components/Sortable/SortableView.js > components/ItemsView/ItemsView.js > components/ItemsView/ItemsViewItem.js > components/Checkbox.js
53) hoc/EventInjector.js > hooks/node.js > components/Sortable/SortableView.js > components/ItemsView/ItemsView.js > components/ItemsView/ItemsViewItem.js
54) hooks/node.js > components/Sortable/SortableView.js > components/ItemsView/ItemsView.js > components/ItemsView/ItemsViewItem.js
55) components/NavigationView.js > components/Breadcrumb.js > components/Button.js > components/AnimatedIcon.js > hoc/EventInjector.js > hooks/node.js > components/Sortable/SortableView.js > components/ItemsView/ItemsView.js
56) components/Button.js > components/AnimatedIcon.js > hoc/EventInjector.js > hooks/node.js > components/Sortable/SortableView.js > components/ItemsView/ItemsView.js > components/SelectAll.js
57) hooks/node.js > components/Sortable/SortableView.js > components/Sortable/SortableItem.js
58) components/EmptyMessage/EmptyMessage.js > components/EmptyMessage/EmptyMessageTypical.js
59) components/EmptyMessage/EmptyMessage.js > components/EmptyMessage/EmptyMessageYtpDisabled.js
60) components/Segmented/Segmented.js > components/Segmented/SegmentedEnum.js
61) components/Preview/PreviewPrve.js > views/visual/prve.js
62) containers/Expander/ExpanderStream/ExpanderStreamPrerender.js > views/visual.js
63) ShellPage.js > views/score.js

