Processed 367 files (1.9s) 

1) src/utils/styles.js > src/styles/colors.js
2) src/utils/styles.js > src/styles/effects.js
3) src/utils/styles.js > src/styles/mixins.js
4) src/utils/i18n.js > src/locales/config.js > src/locales/utils/formatters.js
5) src/utils/object.js > src/utils/i18n.js > src/locales/config.js > src/stores/dev.js > src/utils/bridge.js > src/hooks/event-bus.js
6) src/utils/i18n.js > src/locales/config.js > src/stores/dev.js > src/utils/bridge.js
7) src/utils/object.js > src/utils/i18n.js > src/locales/config.js > src/utils/animation.js > src/hooks/cursor.js > src/hooks/event.js
8) src/helpers/color-mode.js > src/stores/color-mode.js
9) src/utils/object.js > src/utils/i18n.js > src/locales/config.js > src/utils/animation.js > src/hooks/media-query.js > src/helpers/color-mode.js > src/stores/color-mode.js > src/hooks/store.js
10) src/utils/animation.js > src/hooks/media-query.js > src/helpers/color-mode.js
11) src/utils/object.js > src/utils/i18n.js > src/locales/config.js > src/utils/animation.js > src/hooks/media-query.js > src/helpers/color-mode.js
12) src/utils/object.js > src/utils/i18n.js > src/locales/config.js > src/utils/animation.js > src/hooks/media-query.js
13) src/utils/object.js > src/utils/i18n.js > src/locales/config.js > src/utils/animation.js > src/utils/array.js
14) src/utils/object.js > src/utils/i18n.js > src/locales/config.js > src/utils/animation.js
15) src/utils/styles.js > src/utils/object.js > src/utils/i18n.js > src/locales/config.js > src/utils/animation.js
16) src/utils/object.js > src/utils/i18n.js > src/locales/config.js > src/utils/animation.js > src/utils/tunneling-event.js
17) src/utils/styles.js > src/utils/object.js > src/utils/i18n.js > src/locales/config.js
18) src/utils/object.js > src/utils/i18n.js
19) src/components/CommandBar/CommandBar.js > src/components/CommandBar/CommandBarItem.js
20) src/components/Button.js > src/components/AnimatedIcon.js > src/hoc/EventInjector.js > src/hooks/node.js > src/components/Sortable/SortableView.js > src/components/ItemsView/ItemsView.js > src/components/ItemsView/ItemsViewItem.js
21) src/components/Expander/Expander.js > src/components/Expander/ExpanderGroup.js
22) src/components/Expander/Expander.js > src/components/Expander/ExpanderGroup.js > src/components/Expander/ExpanderRadio.js
23) src/components/ItemsView/ItemsView.js > src/components/ItemsView/ItemsViewItem.js > src/components/Checkbox.js > src/components/Expander/ExpanderItem.js > src/components/Expander/SubExpander.js > src/components/Expander/Expander.js > src/components/Expander/ExpanderGroup.js > src/components/Expander/ExpanderRadio.js
24) src/components/Expander/ExpanderItem.js > src/components/Expander/SubExpander.js > src/components/Expander/Expander.js > src/components/Expander/ExpanderGroup.js > src/components/Expander/ExpanderRadio.js > src/components/RadioButton.js
25) src/hooks/node.js > src/components/Sortable/SortableView.js > src/components/ItemsView/ItemsView.js > src/components/ItemsView/ItemsViewItem.js > src/components/Checkbox.js > src/components/Expander/ExpanderItem.js > src/components/Expander/SubExpander.js > src/components/Expander/Expander.js > src/components/Expander/ExpanderGroup.js > src/components/Expander/ExpanderRadio.js > src/components/RadioButton.js
26) src/components/Expander/Expander.js > src/components/Expander/ExpanderGroup.js > src/components/Settings/Setting.js
27) src/components/Button.js > src/components/AnimatedIcon.js > src/hoc/EventInjector.js > src/hooks/node.js > src/components/Sortable/SortableView.js > src/components/ItemsView/ItemsView.js > src/components/ItemsView/ItemsViewItem.js > src/components/Checkbox.js > src/components/Expander/ExpanderItem.js > src/components/Expander/SubExpander.js > src/components/Expander/Expander.js > src/components/Expander/ExpanderGroup.js > src/components/Settings/Setting.js > src/components/Settings/SettingsCard/SettingsCard.js
28) src/components/Expander/Expander.js > src/components/Expander/ExpanderGroup.js > src/components/Settings/Setting.js > src/components/Settings/SettingsCard/SettingsCard.js
29) src/components/Expander/ExpanderItem.js > src/components/Expander/SubExpander.js > src/components/Expander/Expander.js > src/components/Expander/ExpanderGroup.js > src/components/Settings/Setting.js > src/components/Settings/SettingsCard/SettingsCard.js
30) src/components/Sortable/SortableView.js > src/components/ItemsView/ItemsView.js > src/components/ItemsView/ItemsViewItem.js > src/components/Checkbox.js > src/components/Expander/ExpanderItem.js > src/components/Expander/SubExpander.js > src/components/Expander/Expander.js > src/components/Expander/ExpanderGroup.js > src/components/Settings/Setting.js > src/components/Settings/SettingsCard/SettingsCard.js
31) src/hoc/EventInjector.js > src/hooks/node.js > src/components/Sortable/SortableView.js > src/components/ItemsView/ItemsView.js > src/components/ItemsView/ItemsViewItem.js > src/components/Checkbox.js > src/components/Expander/ExpanderItem.js > src/components/Expander/SubExpander.js > src/components/Expander/Expander.js > src/components/Expander/ExpanderGroup.js > src/components/Settings/Setting.js > src/components/Settings/SettingsCard/SettingsCard.js > src/hoc/ClickOnSameElement.js
32) src/hooks/node.js > src/components/Sortable/SortableView.js > src/components/ItemsView/ItemsView.js > src/components/ItemsView/ItemsViewItem.js > src/components/Checkbox.js > src/components/Expander/ExpanderItem.js > src/components/Expander/SubExpander.js > src/components/Expander/Expander.js > src/components/Expander/ExpanderGroup.js > src/components/Settings/Setting.js > src/components/Settings/SettingsCard/SettingsCard.js > src/hoc/ClickOnSameElement.js
33) src/hooks/node.js > src/components/Sortable/SortableView.js > src/components/ItemsView/ItemsView.js > src/components/ItemsView/ItemsViewItem.js > src/components/Checkbox.js > src/components/Expander/ExpanderItem.js > src/components/Expander/SubExpander.js > src/components/Expander/Expander.js > src/components/Expander/ExpanderGroup.js > src/components/Settings/Setting.js > src/components/Settings/SettingsCard/SettingsCard.js
34) src/components/Expander/Expander.js > src/components/Expander/ExpanderGroup.js > src/components/Settings/Setting.js > src/components/Settings/SettingsCard/SettingsCardToggleSwitch.js
35) src/components/Expander/ExpanderItem.js > src/components/Expander/SubExpander.js > src/components/Expander/Expander.js > src/components/Expander/ExpanderGroup.js > src/components/Settings/Setting.js > src/components/Settings/SettingsCard/SettingsCardToggleSwitch.js > src/components/ToggleSwitch.js
36) src/components/Expander/SubExpander.js > src/components/Expander/Expander.js > src/components/Expander/ExpanderGroup.js > src/components/Settings/Setting.js > src/components/Settings/SettingsCard/SettingsCardToggleSwitch.js > src/components/ToggleSwitch.js
37) src/hooks/node.js > src/components/Sortable/SortableView.js > src/components/ItemsView/ItemsView.js > src/components/ItemsView/ItemsViewItem.js > src/components/Checkbox.js > src/components/Expander/ExpanderItem.js > src/components/Expander/SubExpander.js > src/components/Expander/Expander.js > src/components/Expander/ExpanderGroup.js > src/components/Settings/Setting.js > src/components/Settings/SettingsCard/SettingsCardToggleSwitch.js > src/components/ToggleSwitch.js
38) src/ShellPage.js > src/components/CommandBar/CommandBar.js > src/components/CommandBar/CommandBarItem.js > src/components/Flyout/Flyout.js > src/components/NavigationView.js > src/components/Breadcrumb.js > src/components/Button.js > src/components/AnimatedIcon.js > src/hoc/EventInjector.js > src/hooks/node.js > src/components/Sortable/SortableView.js > src/components/ItemsView/ItemsView.js > src/components/ItemsView/ItemsViewItem.js > src/components/Checkbox.js > src/components/Expander/ExpanderItem.js > src/components/Expander/SubExpander.js > src/components/Expander/Expander.js > src/components/Expander/ExpanderGroup.js > src/components/Settings/Setting.js > src/helpers/settings-meta.js
39) src/components/Expander/ExpanderItem.js > src/components/Expander/SubExpander.js > src/components/Expander/Expander.js
40) src/components/Expander/SubExpander.js > src/components/Expander/Expander.js
41) src/hooks/node.js > src/components/Sortable/SortableView.js > src/components/ItemsView/ItemsView.js > src/components/ItemsView/ItemsViewItem.js > src/components/Checkbox.js > src/components/Expander/ExpanderItem.js > src/components/Expander/SubExpander.js > src/components/Expander/Expander.js
42) src/components/Button.js > src/components/AnimatedIcon.js > src/hoc/EventInjector.js > src/hooks/node.js > src/components/Sortable/SortableView.js > src/components/ItemsView/ItemsView.js > src/components/ItemsView/ItemsViewItem.js > src/components/Checkbox.js > src/components/Expander/ExpanderItem.js > src/containers/Expander/ExpanderItemCurve.js > src/components/ComboBox.js
43) src/components/ItemsView/ItemsViewItem.js > src/components/Checkbox.js > src/components/Expander/ExpanderItem.js > src/containers/Expander/ExpanderItemCurve.js > src/components/ComboBox.js
44) src/components/Button.js > src/components/AnimatedIcon.js > src/hoc/EventInjector.js > src/hooks/node.js > src/components/Sortable/SortableView.js > src/components/ItemsView/ItemsView.js > src/components/ItemsView/ItemsViewItem.js > src/components/Checkbox.js > src/components/Expander/ExpanderItem.js > src/containers/Expander/ExpanderItemCurve.js > src/components/ComboBox.js > src/components/TextBox.js
45) src/components/ComboBox.js > src/components/TextBox.js
46) src/hooks/node.js > src/components/Sortable/SortableView.js > src/components/ItemsView/ItemsView.js > src/components/ItemsView/ItemsViewItem.js > src/components/Checkbox.js > src/components/Expander/ExpanderItem.js > src/containers/Expander/ExpanderItemCurve.js > src/components/ComboBox.js > src/components/TextBox.js > src/hoc/Tooltip.js > src/components/Img.js
47) src/components/NavigationView.js > src/components/Breadcrumb.js > src/components/Button.js > src/components/AnimatedIcon.js > src/hoc/EventInjector.js > src/hooks/node.js > src/components/Sortable/SortableView.js > src/components/ItemsView/ItemsView.js > src/components/ItemsView/ItemsViewItem.js > src/components/Checkbox.js > src/components/Expander/ExpanderItem.js > src/containers/Expander/ExpanderItemCurve.js > src/components/ComboBox.js > src/components/TextBox.js > src/hoc/Tooltip.js
48) src/hooks/node.js > src/components/Sortable/SortableView.js > src/components/ItemsView/ItemsView.js > src/components/ItemsView/ItemsViewItem.js > src/components/Checkbox.js > src/components/Expander/ExpanderItem.js > src/containers/Expander/ExpanderItemCurve.js > src/components/ComboBox.js > src/components/TextBox.js
49) src/hooks/node.js > src/components/Sortable/SortableView.js > src/components/ItemsView/ItemsView.js > src/components/ItemsView/ItemsViewItem.js > src/components/Checkbox.js > src/components/Expander/ExpanderItem.js
50) src/hooks/node.js > src/components/Sortable/SortableView.js > src/components/ItemsView/ItemsView.js > src/components/ItemsView/ItemsViewItem.js > src/components/Checkbox.js
51) src/hoc/EventInjector.js > src/hooks/node.js > src/components/Sortable/SortableView.js > src/components/ItemsView/ItemsView.js > src/components/ItemsView/ItemsViewItem.js
52) src/hooks/node.js > src/components/Sortable/SortableView.js > src/components/ItemsView/ItemsView.js > src/components/ItemsView/ItemsViewItem.js
53) src/components/NavigationView.js > src/components/Breadcrumb.js > src/components/Button.js > src/components/AnimatedIcon.js > src/hoc/EventInjector.js > src/hooks/node.js > src/components/Sortable/SortableView.js > src/components/ItemsView/ItemsView.js
54) src/components/Button.js > src/components/AnimatedIcon.js > src/hoc/EventInjector.js > src/hooks/node.js > src/components/Sortable/SortableView.js > src/components/ItemsView/ItemsView.js > src/components/SelectAll.js
55) src/hooks/node.js > src/components/Sortable/SortableView.js > src/components/Sortable/SortableItem.js
56) src/components/EmptyMessage/EmptyMessage.js > src/components/EmptyMessage/EmptyMessageTypical.js
57) src/components/EmptyMessage/EmptyMessage.js > src/components/EmptyMessage/EmptyMessageYtpDisabled.js
58) src/components/Segmented/Segmented.js > src/components/Segmented/SegmentedEnum.js
59) src/components/Preview/PreviewPrve.js > src/views/visual/prve.js
60) src/containers/Expander/ExpanderStream/ExpanderStreamPrerender.js > src/views/visual.js
61) src/ShellPage.js > src/views/score.js

